-source
1.5
-target
1.5
-classpath
/Users/jvanzyl/.m2/repository/aspectj/aspectjrt/1.5.3/aspectjrt-1.5.3.jar:/Users/jvanzyl/.m2/repository/commons-logging/commons-logging-api/1.1/commons-logging-api-1.1.jar:/Users/jvanzyl/.m2/repository/junit/junit/3.8.1/junit-3.8.1.jar:/Users/jvanzyl/.m2/repository/log4j/log4j/1.2.12/log4j-1.2.12.jar:/Users/jvanzyl/.m2/repository/org/apache/xbean/xbean-reflect/3.4-SNAPSHOT/xbean-reflect-3.4-SNAPSHOT.jar:/Users/jvanzyl/.m2/repository/org/codehaus/plexus/plexus-classworlds/1.2-alpha-10/plexus-classworlds-1.2-alpha-10.jar:/Users/jvanzyl/.m2/repository/org/codehaus/plexus/plexus-utils/1.4.5/plexus-utils-1.4.5.jar:/Users/jvanzyl/js/org/codehaus/plexus/plexus-containers/trunk/plexus-container-default/target/classes
-d
/Users/jvanzyl/js/org/codehaus/plexus/plexus-containers/trunk/plexus-container-default/target/classes
/Users/jvanzyl/js/org/codehaus/plexus/plexus-containers/trunk/plexus-container-default/src/main/java/org/codehaus/plexus/personality/plexus/lifecycle/phase/Serviceable.java
/Users/jvanzyl/js/org/codehaus/plexus/plexus-containers/trunk/plexus-container-default/src/main/java/org/codehaus/plexus/component/repository/exception/ComponentManagerImplementationNotFoundException.java
/Users/jvanzyl/js/org/codehaus/plexus/plexus-containers/trunk/plexus-container-default/src/main/java/org/codehaus/plexus/component/factory/ComponentInstantiationException.java
/Users/jvanzyl/js/org/codehaus/plexus/plexus-containers/trunk/plexus-container-default/src/main/java/org/codehaus/plexus/personality/plexus/lifecycle/phase/PhaseExecutionException.java
/Users/jvanzyl/js/org/codehaus/plexus/plexus-containers/trunk/plexus-container-default/src/main/java/org/codehaus/plexus/component/configurator/converters/basic/UrlConverter.java
/Users/jvanzyl/js/org/codehaus/plexus/plexus-containers/trunk/plexus-container-default/src/main/java/org/codehaus/plexus/container/initialization/InitializeComponentRepositoryPhase.java
/Users/jvanzyl/js/org/codehaus/plexus/plexus-containers/trunk/plexus-container-default/src/main/java/org/codehaus/plexus/personality/plexus/lifecycle/phase/StoppingException.java
/Users/jvanzyl/js/org/codehaus/plexus/plexus-containers/trunk/plexus-container-default/src/main/java/org/codehaus/plexus/component/manager/UndefinedComponentManagerException.java
/Users/jvanzyl/js/org/codehaus/plexus/plexus-containers/trunk/plexus-container-default/src/main/java/org/codehaus/plexus/personality/plexus/lifecycle/phase/LogEnablePhase.java
/Users/jvanzyl/js/org/codehaus/plexus/plexus-containers/trunk/plexus-container-default/src/main/java/org/codehaus/plexus/component/composition/NoOpComponentComposer.java
/Users/jvanzyl/js/org/codehaus/plexus/plexus-containers/trunk/plexus-container-default/src/main/java/org/codehaus/plexus/lifecycle/phase/AbstractPhase.java
/Users/jvanzyl/js/org/codehaus/plexus/plexus-containers/trunk/plexus-container-default/src/main/java/org/codehaus/plexus/logging/LoggerManager.java
/Users/jvanzyl/js/org/codehaus/plexus/plexus-containers/trunk/plexus-container-default/src/main/java/org/codehaus/plexus/component/repository/io/PlexusTools.java
/Users/jvanzyl/js/org/codehaus/plexus/plexus-containers/trunk/plexus-container-default/src/main/java/org/codehaus/plexus/component/configurator/converters/lookup/ConverterLookup.java
/Users/jvanzyl/js/org/codehaus/plexus/plexus-containers/trunk/plexus-container-default/src/main/java/org/codehaus/plexus/configuration/PlexusConfigurationException.java
/Users/jvanzyl/js/org/codehaus/plexus/plexus-containers/trunk/plexus-container-default/src/main/java/org/codehaus/plexus/configuration/source/ContainerConfigurationSource.java
/Users/jvanzyl/js/org/codehaus/plexus/plexus-containers/trunk/plexus-container-default/src/main/java/org/codehaus/plexus/configuration/io/PlexusConfigurationWriter.java
/Users/jvanzyl/js/org/codehaus/plexus/plexus-containers/trunk/plexus-container-default/src/main/java/org/codehaus/plexus/container/initialization/StartLoadOnStartComponentsPhase.java
/Users/jvanzyl/js/org/codehaus/plexus/plexus-containers/trunk/plexus-container-default/src/main/java/org/codehaus/plexus/component/configurator/expression/ExpressionEvaluationException.java
/Users/jvanzyl/js/org/codehaus/plexus/plexus-containers/trunk/plexus-container-default/src/main/java/org/codehaus/plexus/component/configurator/converters/basic/CharConverter.java
/Users/jvanzyl/js/org/codehaus/plexus/plexus-containers/trunk/plexus-container-default/src/main/java/org/codehaus/plexus/DefaultContainerConfiguration.java
/Users/jvanzyl/js/org/codehaus/plexus/plexus-containers/trunk/plexus-container-default/src/main/java/org/codehaus/plexus/component/configurator/converters/basic/StringBufferConverter.java
/Users/jvanzyl/js/org/codehaus/plexus/plexus-containers/trunk/plexus-container-default/src/main/java/org/codehaus/plexus/component/factory/UndefinedComponentFactoryException.java
/Users/jvanzyl/js/org/codehaus/plexus/plexus-containers/trunk/plexus-container-default/src/main/java/org/codehaus/plexus/PlexusConstants.java
/Users/jvanzyl/js/org/codehaus/plexus/plexus-containers/trunk/plexus-container-default/src/main/java/org/codehaus/plexus/component/configurator/converters/basic/UriConverter.java
/Users/jvanzyl/js/org/codehaus/plexus/plexus-containers/trunk/plexus-container-default/src/main/java/org/codehaus/plexus/component/repository/ComponentRepository.java
/Users/jvanzyl/js/org/codehaus/plexus/plexus-containers/trunk/plexus-container-default/src/main/java/org/codehaus/plexus/container/initialization/InitializeUserConfigurationSourcePhase.java
/Users/jvanzyl/js/org/codehaus/plexus/plexus-containers/trunk/plexus-container-default/src/main/java/org/codehaus/plexus/component/configurator/converters/ConfigurationConverter.java
/Users/jvanzyl/js/org/codehaus/plexus/plexus-containers/trunk/plexus-container-default/src/main/java/org/codehaus/plexus/component/repository/DefaultComponentRepository.java
/Users/jvanzyl/js/org/codehaus/plexus/plexus-containers/trunk/plexus-container-default/src/main/aspect/org/codehaus/plexus/aspect/ActiveCollectionsCleanupAspect.aj
/Users/jvanzyl/js/org/codehaus/plexus/plexus-containers/trunk/plexus-container-default/src/main/java/org/codehaus/plexus/component/manager/PerLookupComponentManager.java
/Users/jvanzyl/js/org/codehaus/plexus/plexus-containers/trunk/plexus-container-default/src/main/java/org/codehaus/plexus/lifecycle/AbstractLifecycleHandler.java
/Users/jvanzyl/js/org/codehaus/plexus/plexus-containers/trunk/plexus-container-default/src/main/java/org/codehaus/plexus/configuration/PlexusComponentDescriptorMerger.java
/Users/jvanzyl/js/org/codehaus/plexus/plexus-containers/trunk/plexus-container-default/src/main/java/org/codehaus/plexus/component/repository/ComponentSetDescriptor.java
/Users/jvanzyl/js/org/codehaus/plexus/plexus-containers/trunk/plexus-container-default/src/main/java/org/codehaus/plexus/component/composition/FieldComponentComposer.java
/Users/jvanzyl/js/org/codehaus/plexus/plexus-containers/trunk/plexus-container-default/src/main/java/org/codehaus/plexus/component/configurator/converters/basic/Converter.java
/Users/jvanzyl/js/org/codehaus/plexus/plexus-containers/trunk/plexus-container-default/src/main/java/org/codehaus/plexus/logging/console/ConsoleLoggerManager.java
/Users/jvanzyl/js/org/codehaus/plexus/plexus-containers/trunk/plexus-container-default/src/main/java/org/codehaus/plexus/component/configurator/MapOrientedComponentConfigurator.java
/Users/jvanzyl/js/org/codehaus/plexus/plexus-containers/trunk/plexus-container-default/src/main/java/org/codehaus/plexus/configuration/io/XmlPlexusConfigurationReader.java
/Users/jvanzyl/js/org/codehaus/plexus/plexus-containers/trunk/plexus-container-default/src/main/java/org/codehaus/plexus/component/configurator/converters/composite/MapConverter.java
/Users/jvanzyl/js/org/codehaus/plexus/plexus-containers/trunk/plexus-container-default/src/main/java/org/codehaus/plexus/container/initialization/InitializeLoggerManagerPhase.java
/Users/jvanzyl/js/org/codehaus/plexus/plexus-containers/trunk/plexus-container-default/src/main/java/org/codehaus/plexus/MutablePlexusContainer.java
/Users/jvanzyl/js/org/codehaus/plexus/plexus-containers/trunk/plexus-container-default/src/main/java/org/codehaus/plexus/component/discovery/DefaultComponentDiscoverer.java
/Users/jvanzyl/js/org/codehaus/plexus/plexus-containers/trunk/plexus-container-default/src/main/java/org/codehaus/plexus/component/configurator/converters/composite/PlexusConfigurationConverter.java
/Users/jvanzyl/js/org/codehaus/plexus/plexus-containers/trunk/plexus-container-default/src/main/java/org/codehaus/plexus/DefaultPlexusContainer.java
/Users/jvanzyl/js/org/codehaus/plexus/plexus-containers/trunk/plexus-container-default/src/main/java/org/codehaus/plexus/container/initialization/AbstractContainerInitializationPhase.java
/Users/jvanzyl/js/org/codehaus/plexus/plexus-containers/trunk/plexus-container-default/src/main/java/org/codehaus/plexus/component/manager/ComponentManagerManager.java
/Users/jvanzyl/js/org/codehaus/plexus/plexus-containers/trunk/plexus-container-default/src/main/java/org/codehaus/plexus/component/repository/exception/ComponentDescriptorUnmarshallingException.java
/Users/jvanzyl/js/org/codehaus/plexus/plexus-containers/trunk/plexus-container-default/src/main/java/org/codehaus/plexus/component/reloading/ComponentReloadingException.java
/Users/jvanzyl/js/org/codehaus/plexus/plexus-containers/trunk/plexus-container-default/src/main/java/org/codehaus/plexus/container/initialization/AbstractCoreComponentInitializationPhase.java
/Users/jvanzyl/js/org/codehaus/plexus/plexus-containers/trunk/plexus-container-default/src/main/java/org/codehaus/plexus/personality/plexus/lifecycle/phase/ConfigurablePhase.java
/Users/jvanzyl/js/org/codehaus/plexus/plexus-containers/trunk/plexus-container-default/src/main/java/org/codehaus/plexus/component/builder/ComponentBuilder.java
/Users/jvanzyl/js/org/codehaus/plexus/plexus-containers/trunk/plexus-container-default/src/main/java/org/codehaus/plexus/component/builder/XBeanComponentBuilder.java
/Users/jvanzyl/js/org/codehaus/plexus/plexus-containers/trunk/plexus-container-default/src/main/java/org/codehaus/plexus/container/initialization/InitializeComponentLookupManagerPhase.java
/Users/jvanzyl/js/org/codehaus/plexus/plexus-containers/trunk/plexus-container-default/src/main/java/org/codehaus/plexus/context/DefaultContext.java
/Users/jvanzyl/js/org/codehaus/plexus/plexus-containers/trunk/plexus-container-default/src/main/java/org/codehaus/plexus/personality/plexus/lifecycle/phase/ResumePhase.java
/Users/jvanzyl/js/org/codehaus/plexus/plexus-containers/trunk/plexus-container-default/src/main/java/org/codehaus/plexus/component/configurator/ComponentConfigurationException.java
/Users/jvanzyl/js/org/codehaus/plexus/plexus-containers/trunk/plexus-container-default/src/main/java/org/codehaus/plexus/component/configurator/converters/lookup/DefaultConverterLookup.java
/Users/jvanzyl/js/org/codehaus/plexus/plexus-containers/trunk/plexus-container-default/src/main/java/org/codehaus/plexus/configuration/source/ChainedConfigurationSource.java
/Users/jvanzyl/js/org/codehaus/plexus/plexus-containers/trunk/plexus-container-default/src/main/java/org/codehaus/plexus/context/Context.java
/Users/jvanzyl/js/org/codehaus/plexus/plexus-containers/trunk/plexus-container-default/src/main/java/org/codehaus/plexus/personality/plexus/lifecycle/phase/LogDisablePhase.java
/Users/jvanzyl/js/org/codehaus/plexus/plexus-containers/trunk/plexus-container-default/src/main/java/org/codehaus/plexus/component/repository/exception/ComponentConfigurationException.java
/Users/jvanzyl/js/org/codehaus/plexus/plexus-containers/trunk/plexus-container-default/src/main/java/org/codehaus/plexus/component/composition/AbstractComponentComposer.java
/Users/jvanzyl/js/org/codehaus/plexus/plexus-containers/trunk/plexus-container-default/src/main/java/org/codehaus/plexus/component/configurator/converters/basic/FileConverter.java
/Users/jvanzyl/js/org/codehaus/plexus/plexus-containers/trunk/plexus-container-default/src/main/java/org/codehaus/plexus/component/collections/ComponentMap.java
/Users/jvanzyl/js/org/codehaus/plexus/plexus-containers/trunk/plexus-container-default/src/main/java/org/codehaus/plexus/lifecycle/UndefinedLifecycleHandlerException.java
/Users/jvanzyl/js/org/codehaus/plexus/plexus-containers/trunk/plexus-container-default/src/main/java/org/codehaus/plexus/lifecycle/LifecycleHandler.java
/Users/jvanzyl/js/org/codehaus/plexus/plexus-containers/trunk/plexus-container-default/src/main/java/org/codehaus/plexus/component/discovery/PlexusXmlComponentDiscoverer.java
/Users/jvanzyl/js/org/codehaus/plexus/plexus-containers/trunk/plexus-container-default/src/main/java/org/codehaus/plexus/PlexusContainer.java
/Users/jvanzyl/js/org/codehaus/plexus/plexus-containers/trunk/plexus-container-default/src/main/aspect/org/codehaus/plexus/aspect/CompatibilityAspect.aj
/Users/jvanzyl/js/org/codehaus/plexus/plexus-containers/trunk/plexus-container-default/src/main/java/org/codehaus/plexus/component/factory/DefaultComponentFactoryManager.java
/Users/jvanzyl/js/org/codehaus/plexus/plexus-containers/trunk/plexus-container-default/src/main/java/org/codehaus/plexus/component/composition/UndefinedComponentComposerException.java
/Users/jvanzyl/js/org/codehaus/plexus/plexus-containers/trunk/plexus-container-default/src/main/java/org/codehaus/plexus/component/composition/DefaultCompositionResolver.java
/Users/jvanzyl/js/org/codehaus/plexus/plexus-containers/trunk/plexus-container-default/src/main/java/org/codehaus/plexus/configuration/DefaultPlexusConfiguration.java
/Users/jvanzyl/js/org/codehaus/plexus/plexus-containers/trunk/plexus-container-default/src/main/java/org/codehaus/plexus/component/collections/AbstractComponentCollection.java
/Users/jvanzyl/js/org/codehaus/plexus/plexus-containers/trunk/plexus-container-default/src/main/java/org/codehaus/plexus/component/MapOrientedComponent.java
/Users/jvanzyl/js/org/codehaus/plexus/plexus-containers/trunk/plexus-container-default/src/main/java/org/codehaus/plexus/container/initialization/InitializeComponentManagerManagerPhase.java
/Users/jvanzyl/js/org/codehaus/plexus/plexus-containers/trunk/plexus-container-default/src/main/java/org/codehaus/plexus/component/repository/ComponentDependency.java
/Users/jvanzyl/js/org/codehaus/plexus/plexus-containers/trunk/plexus-container-default/src/main/java/org/codehaus/plexus/component/discovery/ComponentDiscoverer.java
/Users/jvanzyl/js/org/codehaus/plexus/plexus-containers/trunk/plexus-container-default/src/main/java/org/codehaus/plexus/personality/plexus/lifecycle/phase/ServiceLocator.java
/Users/jvanzyl/js/org/codehaus/plexus/plexus-containers/trunk/plexus-container-default/src/main/java/org/codehaus/plexus/component/configurator/converters/ComponentValueSetter.java
/Users/jvanzyl/js/org/codehaus/plexus/plexus-containers/trunk/plexus-container-default/src/main/java/org/codehaus/plexus/personality/plexus/lifecycle/phase/Suspendable.java
/Users/jvanzyl/js/org/codehaus/plexus/plexus-containers/trunk/plexus-container-default/src/main/java/org/codehaus/plexus/component/configurator/converters/basic/ClassConverter.java
/Users/jvanzyl/js/org/codehaus/plexus/plexus-containers/trunk/plexus-container-default/src/main/java/org/codehaus/plexus/component/composition/ComponentComposer.java
/Users/jvanzyl/js/org/codehaus/plexus/plexus-containers/trunk/plexus-container-default/src/main/java/org/codehaus/plexus/configuration/PlexusConfigurationResourceException.java
/Users/jvanzyl/js/org/codehaus/plexus/plexus-containers/trunk/plexus-container-default/src/main/java/org/codehaus/plexus/logging/BaseLoggerManager.java
/Users/jvanzyl/js/org/codehaus/plexus/plexus-containers/trunk/plexus-container-default/src/main/java/org/codehaus/plexus/component/repository/exception/ComponentLookupException.java
/Users/jvanzyl/js/org/codehaus/plexus/plexus-containers/trunk/plexus-container-default/src/main/java/org/codehaus/plexus/logging/Logger.java
/Users/jvanzyl/js/org/codehaus/plexus/plexus-containers/trunk/plexus-container-default/src/main/java/org/codehaus/plexus/personality/plexus/lifecycle/phase/Configurable.java
/Users/jvanzyl/js/org/codehaus/plexus/plexus-containers/trunk/plexus-container-default/src/main/java/org/codehaus/plexus/component/composition/CompositionResolver.java
/Users/jvanzyl/js/org/codehaus/plexus/plexus-containers/trunk/plexus-container-default/src/main/java/org/codehaus/plexus/container/initialization/InitializeComponentFactoryManagerPhase.java
/Users/jvanzyl/js/org/codehaus/plexus/plexus-containers/trunk/plexus-container-default/src/main/java/org/codehaus/plexus/component/manager/KeepAliveSingletonComponentManager.java
/Users/jvanzyl/js/org/codehaus/plexus/plexus-containers/trunk/plexus-container-default/src/main/java/org/codehaus/plexus/component/composition/CompositionException.java
/Users/jvanzyl/js/org/codehaus/plexus/plexus-containers/trunk/plexus-container-default/src/main/java/org/codehaus/plexus/configuration/source/ConfigurationSource.java
/Users/jvanzyl/js/org/codehaus/plexus/plexus-containers/trunk/plexus-container-default/src/main/java/org/codehaus/plexus/logging/AbstractLoggerManager.java
/Users/jvanzyl/js/org/codehaus/plexus/plexus-containers/trunk/plexus-container-default/src/main/java/org/codehaus/plexus/component/configurator/expression/DefaultExpressionEvaluator.java
/Users/jvanzyl/js/org/codehaus/plexus/plexus-containers/trunk/plexus-container-default/src/main/java/org/codehaus/plexus/lifecycle/LifecycleHandlerManager.java
/Users/jvanzyl/js/org/codehaus/plexus/plexus-containers/trunk/plexus-container-default/src/main/java/org/codehaus/plexus/personality/plexus/lifecycle/phase/StartPhase.java
/Users/jvanzyl/js/org/codehaus/plexus/plexus-containers/trunk/plexus-container-default/src/main/java/org/codehaus/plexus/component/configurator/converters/basic/LongConverter.java
/Users/jvanzyl/js/org/codehaus/plexus/plexus-containers/trunk/plexus-container-default/src/main/java/org/codehaus/plexus/personality/plexus/lifecycle/phase/InitializePhase.java
/Users/jvanzyl/js/org/codehaus/plexus/plexus-containers/trunk/plexus-container-default/src/main/java/org/codehaus/plexus/component/configurator/converters/basic/DateConverter.java
/Users/jvanzyl/js/org/codehaus/plexus/plexus-containers/trunk/plexus-container-default/src/main/java/org/codehaus/plexus/personality/plexus/lifecycle/phase/SuspendPhase.java
/Users/jvanzyl/js/org/codehaus/plexus/plexus-containers/trunk/plexus-container-default/src/main/java/org/codehaus/plexus/component/configurator/converters/composite/CollectionConverter.java
/Users/jvanzyl/js/org/codehaus/plexus/plexus-containers/trunk/plexus-container-default/src/main/java/org/codehaus/plexus/container/initialization/InitializeLifecycleHandlerManagerPhase.java
/Users/jvanzyl/js/org/codehaus/plexus/plexus-containers/trunk/plexus-container-default/src/main/java/org/codehaus/plexus/container/initialization/InitializeSystemPropertiesPhase.java
/Users/jvanzyl/js/org/codehaus/plexus/plexus-containers/trunk/plexus-container-default/src/main/java/org/codehaus/plexus/component/manager/ComponentLookupManagerComponentManager.java
/Users/jvanzyl/js/org/codehaus/plexus/plexus-containers/trunk/plexus-container-default/src/main/java/org/codehaus/plexus/personality/plexus/lifecycle/phase/ServiceablePhase.java
/Users/jvanzyl/js/org/codehaus/plexus/plexus-containers/trunk/plexus-container-default/src/main/java/org/codehaus/plexus/component/configurator/converters/basic/FloatConverter.java
/Users/jvanzyl/js/org/codehaus/plexus/plexus-containers/trunk/plexus-container-default/src/main/java/org/codehaus/plexus/personality/plexus/lifecycle/phase/Initializable.java
/Users/jvanzyl/js/org/codehaus/plexus/plexus-containers/trunk/plexus-container-default/src/main/java/org/codehaus/plexus/component/repository/exception/ComponentProfileException.java
/Users/jvanzyl/js/org/codehaus/plexus/plexus-containers/trunk/plexus-container-default/src/main/java/org/codehaus/plexus/component/factory/ComponentFactoryManager.java
/Users/jvanzyl/js/org/codehaus/plexus/plexus-containers/trunk/plexus-container-default/src/main/java/org/codehaus/plexus/component/builder/AbstractComponentBuildListener.java
/Users/jvanzyl/js/org/codehaus/plexus/plexus-containers/trunk/plexus-container-default/src/main/java/org/codehaus/plexus/component/configurator/converters/basic/AbstractBasicConverter.java
/Users/jvanzyl/js/org/codehaus/plexus/plexus-containers/trunk/plexus-container-default/src/main/java/org/codehaus/plexus/component/discovery/ComponentDiscoveryListener.java
/Users/jvanzyl/js/org/codehaus/plexus/plexus-containers/trunk/plexus-container-default/src/main/java/org/codehaus/plexus/component/discovery/ComponentDiscovererManager.java
/Users/jvanzyl/js/org/codehaus/plexus/plexus-containers/trunk/plexus-container-default/src/main/java/org/codehaus/plexus/configuration/PlexusConfigurationMerger.java
/Users/jvanzyl/js/org/codehaus/plexus/plexus-containers/trunk/plexus-container-default/src/main/java/org/codehaus/plexus/personality/plexus/lifecycle/phase/StopPhase.java
/Users/jvanzyl/js/org/codehaus/plexus/plexus-containers/trunk/plexus-container-default/src/main/java/org/codehaus/plexus/container/initialization/ContainerInitializationPhase.java
/Users/jvanzyl/js/org/codehaus/plexus/plexus-containers/trunk/plexus-container-default/src/main/java/org/codehaus/plexus/component/repository/ComponentRequirement.java
/Users/jvanzyl/js/org/codehaus/plexus/plexus-containers/trunk/plexus-container-default/src/main/java/org/codehaus/plexus/lifecycle/phase/Phase.java
/Users/jvanzyl/js/org/codehaus/plexus/plexus-containers/trunk/plexus-container-default/src/main/java/org/codehaus/plexus/personality/plexus/lifecycle/phase/DisposePhase.java
/Users/jvanzyl/js/org/codehaus/plexus/plexus-containers/trunk/plexus-container-default/src/main/java/org/codehaus/plexus/personality/plexus/lifecycle/phase/StartingException.java
/Users/jvanzyl/js/org/codehaus/plexus/plexus-containers/trunk/plexus-container-default/src/main/java/org/codehaus/plexus/PlexusContainerException.java
/Users/jvanzyl/js/org/codehaus/plexus/plexus-containers/trunk/plexus-container-default/src/main/java/org/codehaus/plexus/personality/plexus/lifecycle/phase/Startable.java
/Users/jvanzyl/js/org/codehaus/plexus/plexus-containers/trunk/plexus-container-default/src/main/java/org/codehaus/plexus/configuration/xml/XmlPlexusConfiguration.java
/Users/jvanzyl/js/org/codehaus/plexus/plexus-containers/trunk/plexus-container-default/src/main/java/org/codehaus/plexus/component/factory/java/JavaComponentFactory.java
/Users/jvanzyl/js/org/codehaus/plexus/plexus-containers/trunk/plexus-container-default/src/main/java/org/codehaus/plexus/component/discovery/ComponentDiscoveryEvent.java
/Users/jvanzyl/js/org/codehaus/plexus/plexus-containers/trunk/plexus-container-default/src/main/java/org/codehaus/plexus/component/repository/exception/ComponentRepositoryException.java
/Users/jvanzyl/js/org/codehaus/plexus/plexus-containers/trunk/plexus-container-default/src/main/java/org/codehaus/plexus/container/initialization/InitializeContainerConfigurationSourcePhase.java
/Users/jvanzyl/js/org/codehaus/plexus/plexus-containers/trunk/plexus-container-default/src/main/java/org/codehaus/plexus/component/configurator/converters/AbstractConfigurationConverter.java
/Users/jvanzyl/js/org/codehaus/plexus/plexus-containers/trunk/plexus-container-default/src/main/java/org/codehaus/plexus/component/builder/DefaultComponentBuilder.java
/Users/jvanzyl/js/org/codehaus/plexus/plexus-containers/trunk/plexus-container-default/src/main/java/org/codehaus/plexus/logging/AbstractLogger.java
/Users/jvanzyl/js/org/codehaus/plexus/plexus-containers/trunk/plexus-container-default/src/main/java/org/codehaus/plexus/container/initialization/ContainerInitializationException.java
/Users/jvanzyl/js/org/codehaus/plexus/plexus-containers/trunk/plexus-container-default/src/main/java/org/codehaus/plexus/component/builder/ComponentBuildListener.java
/Users/jvanzyl/js/org/codehaus/plexus/plexus-containers/trunk/plexus-container-default/src/main/java/org/codehaus/plexus/component/factory/ComponentFactory.java
/Users/jvanzyl/js/org/codehaus/plexus/plexus-containers/trunk/plexus-container-default/src/main/java/org/codehaus/plexus/component/configurator/converters/composite/ArrayConverter.java
/Users/jvanzyl/js/org/codehaus/plexus/plexus-containers/trunk/plexus-container-default/src/main/java/org/codehaus/plexus/component/configurator/converters/composite/ObjectWithFieldsConverter.java
/Users/jvanzyl/js/org/codehaus/plexus/plexus-containers/trunk/plexus-container-default/src/main/java/org/codehaus/plexus/lifecycle/BasicLifecycleHandler.java
/Users/jvanzyl/js/org/codehaus/plexus/plexus-containers/trunk/plexus-container-default/src/main/java/org/codehaus/plexus/configuration/io/XmlPlexusConfigurationWriter.java
/Users/jvanzyl/js/org/codehaus/plexus/plexus-containers/trunk/plexus-container-default/src/main/java/org/codehaus/plexus/component/configurator/converters/basic/DoubleConverter.java
/Users/jvanzyl/js/org/codehaus/plexus/plexus-containers/trunk/plexus-container-default/src/main/java/org/codehaus/plexus/component/discovery/DefaultComponentDiscovererManager.java
/Users/jvanzyl/js/org/codehaus/plexus/plexus-containers/trunk/plexus-container-default/src/main/java/org/codehaus/plexus/component/factory/AbstractComponentFactory.java
/Users/jvanzyl/js/org/codehaus/plexus/plexus-containers/trunk/plexus-container-default/src/main/java/org/codehaus/plexus/ComponentLookupManager.java
/Users/jvanzyl/js/org/codehaus/plexus/plexus-containers/trunk/plexus-container-default/src/main/java/org/codehaus/plexus/component/configurator/ConfigurationListener.java
/Users/jvanzyl/js/org/codehaus/plexus/plexus-containers/trunk/plexus-container-default/src/main/java/org/codehaus/plexus/component/repository/ComponentRequirementList.java
/Users/jvanzyl/js/org/codehaus/plexus/plexus-containers/trunk/plexus-container-default/src/main/java/org/codehaus/plexus/container/initialization/InitializeComponentDiscovererManagerPhase.java
/Users/jvanzyl/js/org/codehaus/plexus/plexus-containers/trunk/plexus-container-default/src/main/java/org/codehaus/plexus/component/configurator/expression/ExpressionEvaluator.java
/Users/jvanzyl/js/org/codehaus/plexus/plexus-containers/trunk/plexus-container-default/src/main/java/org/codehaus/plexus/component/configurator/AbstractComponentConfigurator.java
/Users/jvanzyl/js/org/codehaus/plexus/plexus-containers/trunk/plexus-container-default/src/main/java/org/codehaus/plexus/component/repository/ComponentDescriptor.java
/Users/jvanzyl/js/org/codehaus/plexus/plexus-containers/trunk/plexus-container-default/src/main/java/org/codehaus/plexus/component/configurator/converters/basic/IntConverter.java
/Users/jvanzyl/js/org/codehaus/plexus/plexus-containers/trunk/plexus-container-default/src/main/java/org/codehaus/plexus/component/configurator/converters/basic/ShortConverter.java
/Users/jvanzyl/js/org/codehaus/plexus/plexus-containers/trunk/plexus-container-default/src/main/java/org/codehaus/plexus/MutableComponentLookupManager.java
/Users/jvanzyl/js/org/codehaus/plexus/plexus-containers/trunk/plexus-container-default/src/main/java/org/codehaus/plexus/personality/plexus/lifecycle/phase/InitializationException.java
/Users/jvanzyl/js/org/codehaus/plexus/plexus-containers/trunk/plexus-container-default/src/main/java/org/codehaus/plexus/component/configurator/ComponentConfigurator.java
/Users/jvanzyl/js/org/codehaus/plexus/plexus-containers/trunk/plexus-container-default/src/main/java/org/codehaus/plexus/context/ContextException.java
/Users/jvanzyl/js/org/codehaus/plexus/plexus-containers/trunk/plexus-container-default/src/main/java/org/codehaus/plexus/component/reloading/ComponentReloadingStrategy.java
/Users/jvanzyl/js/org/codehaus/plexus/plexus-containers/trunk/plexus-container-default/src/main/java/org/codehaus/plexus/container/initialization/InitializeContextPhase.java
/Users/jvanzyl/js/org/codehaus/plexus/plexus-containers/trunk/plexus-container-default/src/main/java/org/codehaus/plexus/ContainerConfiguration.java
/Users/jvanzyl/js/org/codehaus/plexus/plexus-containers/trunk/plexus-container-default/src/main/java/org/codehaus/plexus/component/repository/exception/ComponentLifecycleException.java
/Users/jvanzyl/js/org/codehaus/plexus/plexus-containers/trunk/plexus-container-default/src/main/java/org/codehaus/plexus/component/configurator/converters/basic/BooleanConverter.java
/Users/jvanzyl/js/org/codehaus/plexus/plexus-containers/trunk/plexus-container-default/src/main/java/org/codehaus/plexus/PlexusTestCase.java
/Users/jvanzyl/js/org/codehaus/plexus/plexus-containers/trunk/plexus-container-default/src/main/java/org/codehaus/plexus/component/collections/ComponentList.java
/Users/jvanzyl/js/org/codehaus/plexus/plexus-containers/trunk/plexus-container-default/src/main/java/org/codehaus/plexus/personality/plexus/lifecycle/phase/AutoConfigurePhase.java
/Users/jvanzyl/js/org/codehaus/plexus/plexus-containers/trunk/plexus-container-default/src/main/java/org/codehaus/plexus/personality/plexus/lifecycle/phase/Disposable.java
/Users/jvanzyl/js/org/codehaus/plexus/plexus-containers/trunk/plexus-container-default/src/main/java/org/codehaus/plexus/component/composition/setter/SetterComponentComposer.java
/Users/jvanzyl/js/org/codehaus/plexus/plexus-containers/trunk/plexus-container-default/src/main/java/org/codehaus/plexus/personality/plexus/lifecycle/phase/ContextualizePhase.java
/Users/jvanzyl/js/org/codehaus/plexus/plexus-containers/trunk/plexus-container-default/src/main/java/org/codehaus/plexus/configuration/PlexusConfiguration.java
/Users/jvanzyl/js/org/codehaus/plexus/plexus-containers/trunk/plexus-container-default/src/main/java/org/codehaus/plexus/logging/LogEnabled.java
/Users/jvanzyl/js/org/codehaus/plexus/plexus-containers/trunk/plexus-container-default/src/main/java/org/codehaus/plexus/component/discovery/AbstractComponentDiscoverer.java
/Users/jvanzyl/js/org/codehaus/plexus/plexus-containers/trunk/plexus-container-default/src/main/java/org/codehaus/plexus/configuration/io/PlexusConfigurationReader.java
/Users/jvanzyl/js/org/codehaus/plexus/plexus-containers/trunk/plexus-container-default/src/main/java/org/codehaus/plexus/component/repository/exception/ComponentImplementationNotFoundException.java
/Users/jvanzyl/js/org/codehaus/plexus/plexus-containers/trunk/plexus-container-default/src/main/java/org/codehaus/plexus/component/configurator/converters/composite/PropertiesConverter.java
/Users/jvanzyl/js/org/codehaus/plexus/plexus-containers/trunk/plexus-container-default/src/main/java/org/codehaus/plexus/component/CastUtils.java
/Users/jvanzyl/js/org/codehaus/plexus/plexus-containers/trunk/plexus-container-default/src/main/java/org/codehaus/plexus/component/manager/ComponentManager.java
/Users/jvanzyl/js/org/codehaus/plexus/plexus-containers/trunk/plexus-container-default/src/main/java/org/codehaus/plexus/DefaultComponentLookupManager.java
/Users/jvanzyl/js/org/codehaus/plexus/plexus-containers/trunk/plexus-container-default/src/main/java/org/codehaus/plexus/logging/console/ConsoleLogger.java
/Users/jvanzyl/js/org/codehaus/plexus/plexus-containers/trunk/plexus-container-default/src/main/java/org/codehaus/plexus/lifecycle/DefaultLifecycleHandlerManager.java
/Users/jvanzyl/js/org/codehaus/plexus/plexus-containers/trunk/plexus-container-default/src/main/java/org/codehaus/plexus/component/discovery/DiscoveryListenerDescriptor.java
/Users/jvanzyl/js/org/codehaus/plexus/plexus-containers/trunk/plexus-container-default/src/main/java/org/codehaus/plexus/component/configurator/converters/special/ClassRealmConverter.java
/Users/jvanzyl/js/org/codehaus/plexus/plexus-containers/trunk/plexus-container-default/src/main/java/org/codehaus/plexus/component/composition/MapOrientedComponentComposer.java
/Users/jvanzyl/js/org/codehaus/plexus/plexus-containers/trunk/plexus-container-default/src/main/java/org/codehaus/plexus/personality/plexus/lifecycle/phase/PlexusContainerLocator.java
/Users/jvanzyl/js/org/codehaus/plexus/plexus-containers/trunk/plexus-container-default/src/main/java/org/codehaus/plexus/logging/AbstractLogEnabled.java
/Users/jvanzyl/js/org/codehaus/plexus/plexus-containers/trunk/plexus-container-default/src/main/java/org/codehaus/plexus/component/configurator/converters/basic/StringConverter.java
/Users/jvanzyl/js/org/codehaus/plexus/plexus-containers/trunk/plexus-container-default/src/main/java/org/codehaus/plexus/component/manager/DefaultComponentManagerManager.java
/Users/jvanzyl/js/org/codehaus/plexus/plexus-containers/trunk/plexus-container-default/src/main/java/org/codehaus/plexus/component/manager/AbstractComponentManager.java
/Users/jvanzyl/js/org/codehaus/plexus/plexus-containers/trunk/plexus-container-default/src/main/java/org/codehaus/plexus/container/initialization/ContainerInitializationContext.java
/Users/jvanzyl/js/org/codehaus/plexus/plexus-containers/trunk/plexus-container-default/src/main/java/org/codehaus/plexus/component/configurator/BasicComponentConfigurator.java
/Users/jvanzyl/js/org/codehaus/plexus/plexus-containers/trunk/plexus-container-default/src/main/java/org/codehaus/plexus/component/configurator/converters/basic/ByteConverter.java
/Users/jvanzyl/js/org/codehaus/plexus/plexus-containers/trunk/plexus-container-default/src/main/java/org/codehaus/plexus/personality/plexus/lifecycle/phase/Contextualizable.java
/Users/jvanzyl/js/org/codehaus/plexus/plexus-containers/trunk/plexus-container-default/src/main/java/org/codehaus/plexus/container/initialization/ComponentDiscoveryPhase.java
/Users/jvanzyl/js/org/codehaus/plexus/plexus-containers/trunk/plexus-container-default/src/main/java/org/codehaus/plexus/container/initialization/InitializeResourcesPhase.java
/Users/jvanzyl/js/org/codehaus/plexus/plexus-containers/trunk/plexus-container-default/src/main/java/org/codehaus/plexus/component/manager/ClassicSingletonComponentManager.java
/Users/jvanzyl/js/org/codehaus/plexus/plexus-containers/trunk/plexus-container-default/src/main/java/org/codehaus/plexus/context/ContextMapAdapter.java
/Users/jvanzyl/js/org/codehaus/plexus/plexus-containers/trunk/plexus-container-default/src/main/java/org/codehaus/plexus/component/composition/Requirement.java
/Users/jvanzyl/js/org/codehaus/plexus/plexus-containers/trunk/plexus-container-default/src/main/java/org/codehaus/plexus/DuplicateChildContainerException.java
